00:04.781  blend            | Read blend: "D:\Alpha website\video-intro\ALPHA-website-intro.blend"
00:27.578  render           | Video append frame 1
00:27.766  render           | Video append frame 2
00:27.922  render           | Video append frame 3
00:28.109  render           | Video append frame 4
00:28.281  render           | Video append frame 5
00:28.469  render           | Video append frame 6
00:28.625  render           | Video append frame 7
00:28.797  render           | Video append frame 8
00:28.953  render           | Video append frame 9
00:29.172  render           | Video append frame 10
00:29.344  render           | Video append frame 11
00:29.516  render           | Video append frame 12
00:29.687  render           | Video append frame 13
00:29.859  render           | Video append frame 14
00:30.031  render           | Video append frame 15
00:30.203  render           | Video append frame 16
00:30.375  render           | Video append frame 17
00:30.531  render           | Video append frame 18
00:30.703  render           | Video append frame 19
00:30.875  render           | Video append frame 20
00:31.062  render           | Video append frame 21
00:31.250  render           | Video append frame 22
00:31.422  render           | Video append frame 23
00:31.594  render           | Video append frame 24
00:31.766  render           | Video append frame 25
00:31.937  render           | Video append frame 26
00:32.094  render           | Video append frame 27
00:32.312  render           | Video append frame 28
00:32.453  render           | Video append frame 29
00:32.656  render           | Video append frame 30
00:32.812  render           | Video append frame 31
00:33.000  render           | Video append frame 32
00:33.156  render           | Video append frame 33
00:33.328  render           | Video append frame 34
00:33.500  render           | Video append frame 35
00:33.687  render           | Video append frame 36
00:33.859  render           | Video append frame 37
00:34.078  render           | Video append frame 38
00:34.250  render           | Video append frame 39
00:34.406  render           | Video append frame 40
00:34.578  render           | Video append frame 41
00:34.734  render           | Video append frame 42
00:34.891  render           | Video append frame 43
00:35.078  render           | Video append frame 44
00:35.234  render           | Video append frame 45
00:35.422  render           | Video append frame 46
00:35.594  render           | Video append frame 47
00:35.766  render           | Video append frame 48
00:35.937  render           | Video append frame 49
00:36.125  render           | Video append frame 50
00:36.281  render           | Video append frame 51
00:36.453  render           | Video append frame 52
00:36.625  render           | Video append frame 53
00:36.781  render           | Video append frame 54
00:36.969  render           | Video append frame 55
00:37.156  render           | Video append frame 56
00:37.328  render           | Video append frame 57
00:37.516  render           | Video append frame 58
00:37.703  render           | Video append frame 59
00:37.859  render           | Video append frame 60
00:38.047  render           | Video append frame 61
00:38.234  render           | Video append frame 62
00:38.422  render           | Video append frame 63
00:38.594  render           | Video append frame 64
00:38.781  render           | Video append frame 65
00:38.953  render           | Video append frame 66
00:39.125  render           | Video append frame 67
00:39.297  render           | Video append frame 68
00:39.484  render           | Video append frame 69
00:39.687  render           | Video append frame 70
00:39.859  render           | Video append frame 71
00:40.031  render           | Video append frame 72
00:40.203  render           | Video append frame 73
00:40.359  render           | Video append frame 74
00:40.562  render           | Video append frame 75
00:40.734  render           | Video append frame 76
00:40.922  render           | Video append frame 77
00:41.078  render           | Video append frame 78
00:41.266  render           | Video append frame 79
00:41.437  render           | Video append frame 80
00:41.625  render           | Video append frame 81
00:41.797  render           | Video append frame 82
00:41.984  render           | Video append frame 83
00:42.141  render           | Video append frame 84
00:42.297  render           | Video append frame 85
00:42.469  render           | Video append frame 86
00:42.641  render           | Video append frame 87
00:42.812  render           | Video append frame 88
00:42.984  render           | Video append frame 89
00:43.156  render           | Video append frame 90
00:43.312  render           | Video append frame 91
00:43.484  render           | Video append frame 92
00:43.641  render           | Video append frame 93
00:43.812  render           | Video append frame 94
00:43.953  render           | Video append frame 95
00:44.141  render           | Video append frame 96
00:44.297  render           | Video append frame 97
00:44.484  render           | Video append frame 98
00:44.656  render           | Video append frame 99
00:44.828  render           | Video append frame 100
00:45.000  render           | Video append frame 101
00:45.172  render           | Video append frame 102
00:45.328  render           | Video append frame 103
00:45.500  render           | Video append frame 104
00:45.687  render           | Video append frame 105
00:45.859  render           | Video append frame 106
00:46.031  render           | Video append frame 107
00:46.203  render           | Video append frame 108
00:46.375  render           | Video append frame 109
00:46.547  render           | Video append frame 110
00:46.734  render           | Video append frame 111
00:46.906  render           | Video append frame 112
00:47.078  render           | Video append frame 113
00:47.250  render           | Video append frame 114
00:47.422  render           | Video append frame 115
00:47.594  render           | Video append frame 116
00:47.766  render           | Video append frame 117
00:47.953  render           | Video append frame 118
00:48.125  render           | Video append frame 119
00:48.281  render           | Video append frame 120
00:48.453  render           | Video append frame 121
00:48.625  render           | Video append frame 122
00:48.797  render           | Video append frame 123
00:48.953  render           | Video append frame 124
00:49.125  render           | Video append frame 125
00:49.297  render           | Video append frame 126
00:49.500  render           | Video append frame 127
00:49.656  render           | Video append frame 128
00:49.844  render           | Video append frame 129
00:50.016  render           | Video append frame 130
00:50.203  render           | Video append frame 131
00:50.391  render           | Video append frame 132
00:50.609  render           | Video append frame 133
00:50.812  render           | Video append frame 134
00:51.000  render           | Video append frame 135
00:51.172  render           | Video append frame 136
00:51.344  render           | Video append frame 137
00:51.531  render           | Video append frame 138
00:51.703  render           | Video append frame 139
00:51.875  render           | Video append frame 140
00:52.047  render           | Video append frame 141
00:52.203  render           | Video append frame 142
00:52.375  render           | Video append frame 143
00:52.547  render           | Video append frame 144
00:52.719  render           | Video append frame 145
00:52.891  render           | Video append frame 146
00:53.062  render           | Video append frame 147
00:53.250  render           | Video append frame 148
00:53.422  render           | Video append frame 149
00:53.594  render           | Video append frame 150
00:53.766  render           | Video append frame 151
00:53.937  render           | Video append frame 152
00:54.141  render           | Video append frame 153
00:54.328  render           | Video append frame 154
00:54.516  render           | Video append frame 155
00:54.719  render           | Video append frame 156
00:54.906  render           | Video append frame 157
00:55.094  render           | Video append frame 158
00:55.281  render           | Video append frame 159
00:55.469  render           | Video append frame 160
00:55.641  render           | Video append frame 161
00:55.828  render           | Video append frame 162
00:56.000  render           | Video append frame 163
00:56.187  render           | Video append frame 164
00:56.375  render           | Video append frame 165
00:56.547  render           | Video append frame 166
00:56.734  render           | Video append frame 167
00:56.906  render           | Video append frame 168
00:57.094  render           | Video append frame 169
00:57.281  render           | Video append frame 170
00:57.469  render           | Video append frame 171
00:57.656  render           | Video append frame 172
00:57.844  render           | Video append frame 173
00:58.031  render           | Video append frame 174
00:58.203  render           | Video append frame 175
00:58.391  render           | Video append frame 176
00:58.562  render           | Video append frame 177
00:58.734  render           | Video append frame 178
00:58.922  render           | Video append frame 179
00:59.109  render           | Video append frame 180
00:59.297  render           | Video append frame 181
00:59.484  render           | Video append frame 182
00:59.687  render           | Video append frame 183
00:59.875  render           | Video append frame 184
01:00.062  render           | Video append frame 185
01:00.250  render           | Video append frame 186
01:00.469  render           | Video append frame 187
01:00.656  render           | Video append frame 188
01:00.859  render           | Video append frame 189
01:01.062  render           | Video append frame 190
01:01.250  render           | Video append frame 191
01:01.437  render           | Video append frame 192
01:01.641  render           | Video append frame 193
01:01.828  render           | Video append frame 194
01:02.016  render           | Video append frame 195
01:02.219  render           | Video append frame 196
01:02.406  render           | Video append frame 197
01:02.594  render           | Video append frame 198
01:02.797  render           | Video append frame 199
01:03.000  render           | Video append frame 200
01:03.203  render           | Video append frame 201
01:03.406  render           | Video append frame 202
01:03.594  render           | Video append frame 203
01:03.859  render           | Video append frame 204
01:04.062  render           | Video append frame 205
01:04.297  render           | Video append frame 206
01:04.516  render           | Video append frame 207
01:04.719  render           | Video append frame 208
01:05.000  render           | Video append frame 209
01:05.234  render           | Video append frame 210
01:05.562  render           | Video append frame 211
01:05.859  render           | Video append frame 212
01:06.125  render           | Video append frame 213
01:06.391  render           | Video append frame 214
01:06.578  render           | Video append frame 215
01:06.812  render           | Video append frame 216
01:07.016  render           | Video append frame 217
01:07.219  render           | Video append frame 218
01:07.453  render           | Video append frame 219
01:07.656  render           | Video append frame 220
01:07.875  render           | Video append frame 221
01:08.062  render           | Video append frame 222
01:08.281  render           | Video append frame 223
01:08.469  render           | Video append frame 224
01:08.687  render           | Video append frame 225
01:08.906  render           | Video append frame 226
01:09.125  render           | Video append frame 227
01:09.328  render           | Video append frame 228
01:09.547  render           | Video append frame 229
01:09.781  render           | Video append frame 230
01:10.000  render           | Video append frame 231
01:10.203  render           | Video append frame 232
01:10.406  render           | Video append frame 233
01:10.641  render           | Video append frame 234
01:10.844  render           | Video append frame 235
01:11.062  render           | Video append frame 236
01:11.281  render           | Video append frame 237
01:11.500  render           | Video append frame 238
01:11.703  render           | Video append frame 239
01:11.906  render           | Video append frame 240
01:12.109  render           | Video append frame 241
01:12.312  render           | Video append frame 242
01:12.531  render           | Video append frame 243
01:12.734  render           | Video append frame 244
01:12.937  render           | Video append frame 245
01:13.141  render           | Video append frame 246
01:13.359  render           | Video append frame 247
01:13.562  render           | Video append frame 248
01:13.781  render           | Video append frame 249
01:13.984  render           | Video append frame 250
01:14.203  render           | Video append frame 251
01:14.437  render           | Video append frame 252
01:14.641  render           | Video append frame 253
01:14.859  render           | Video append frame 254
01:15.062  render           | Video append frame 255
01:15.266  render           | Video append frame 256
01:15.469  render           | Video append frame 257
01:15.672  render           | Video append frame 258
01:15.891  render           | Video append frame 259
01:16.109  render           | Video append frame 260
01:16.297  render           | Video append frame 261
01:16.516  render           | Video append frame 262
01:16.719  render           | Video append frame 263
01:16.922  render           | Video append frame 264
01:17.125  render           | Video append frame 265
01:17.344  render           | Video append frame 266
01:17.531  render           | Video append frame 267
01:17.734  render           | Video append frame 268
01:17.937  render           | Video append frame 269
01:18.156  render           | Video append frame 270
01:18.344  render           | Video append frame 271
01:18.547  render           | Video append frame 272
01:18.734  render           | Video append frame 273
01:18.937  render           | Video append frame 274
01:19.141  render           | Video append frame 275
01:19.328  render           | Video append frame 276
01:19.531  render           | Video append frame 277
01:19.734  render           | Video append frame 278
01:19.937  render           | Video append frame 279
01:20.125  render           | Video append frame 280
01:20.328  render           | Video append frame 281
01:20.531  render           | Video append frame 282
01:20.719  render           | Video append frame 283
01:20.937  render           | Video append frame 284
01:21.141  render           | Video append frame 285
01:21.344  render           | Video append frame 286
01:21.547  render           | Video append frame 287
01:21.734  render           | Video append frame 288
01:21.953  render           | Video append frame 289
01:22.141  render           | Video append frame 290
01:22.344  render           | Video append frame 291
01:22.547  render           | Video append frame 292
01:22.750  render           | Video append frame 293
01:22.953  render           | Video append frame 294
01:23.156  render           | Video append frame 295
01:23.359  render           | Video append frame 296
01:23.547  render           | Video append frame 297
01:23.750  render           | Video append frame 298
01:23.953  render           | Video append frame 299
01:24.172  render           | Video append frame 300
01:24.375  render           | Video append frame 301
01:24.578  render           | Video append frame 302
01:24.766  render           | Video append frame 303
01:24.969  render           | Video append frame 304
01:25.156  render           | Video append frame 305
01:25.359  render           | Video append frame 306
01:25.547  render           | Video append frame 307
01:25.750  render           | Video append frame 308
01:25.953  render           | Video append frame 309
01:26.156  render           | Video append frame 310
01:26.391  render           | Video append frame 311
01:26.594  render           | Video append frame 312
01:26.828  render           | Video append frame 313
01:27.031  render           | Video append frame 314
01:27.234  render           | Video append frame 315
01:27.453  render           | Video append frame 316
01:27.656  render           | Video append frame 317
01:27.859  render           | Video append frame 318
01:28.078  render           | Video append frame 319
01:28.281  render           | Video append frame 320
01:28.531  render           | Video append frame 321
01:28.750  render           | Video append frame 322
01:28.953  render           | Video append frame 323
01:29.172  render           | Video append frame 324
01:29.375  render           | Video append frame 325
01:29.594  render           | Video append frame 326
01:29.812  render           | Video append frame 327
01:30.031  render           | Video append frame 328
01:30.250  render           | Video append frame 329
01:30.453  render           | Video append frame 330
01:30.656  render           | Video append frame 331
01:30.859  render           | Video append frame 332
01:31.062  render           | Video append frame 333
01:31.266  render           | Video append frame 334
01:31.500  render           | Video append frame 335
01:31.703  render           | Video append frame 336
01:31.922  render           | Video append frame 337
01:32.125  render           | Video append frame 338
01:32.344  render           | Video append frame 339
01:32.547  render           | Video append frame 340
01:32.766  render           | Video append frame 341
01:32.984  render           | Video append frame 342
01:33.187  render           | Video append frame 343
01:33.406  render           | Video append frame 344
01:33.625  render           | Video append frame 345
01:33.828  render           | Video append frame 346
01:34.047  render           | Video append frame 347
01:34.250  render           | Video append frame 348
01:34.469  render           | Video append frame 349
01:34.672  render           | Video append frame 350
01:34.891  render           | Video append frame 351
01:35.109  render           | Video append frame 352
01:35.344  render           | Video append frame 353
01:35.562  render           | Video append frame 354
01:35.766  render           | Video append frame 355
01:35.969  render           | Video append frame 356
01:36.172  render           | Video append frame 357
01:36.375  render           | Video append frame 358
01:36.594  render           | Video append frame 359
01:36.812  render           | Video append frame 360
01:37.031  render           | Video append frame 361
01:37.250  render           | Video append frame 362
01:37.453  render           | Video append frame 363
01:37.656  render           | Video append frame 364
01:37.875  render           | Video append frame 365
01:38.094  render           | Video append frame 366
01:38.312  render           | Video append frame 367
01:38.531  render           | Video append frame 368
01:38.750  render           | Video append frame 369
01:38.953  render           | Video append frame 370
01:39.172  render           | Video append frame 371
01:39.375  render           | Video append frame 372
01:39.578  render           | Video append frame 373
01:39.781  render           | Video append frame 374
01:40.000  render           | Video append frame 375
01:40.203  render           | Video append frame 376
01:40.406  render           | Video append frame 377
01:40.625  render           | Video append frame 378
01:40.844  render           | Video append frame 379
01:41.062  render           | Video append frame 380
01:41.266  render           | Video append frame 381
01:41.484  render           | Video append frame 382
01:41.687  render           | Video append frame 383
01:41.953  render           | Video append frame 384
01:42.156  render           | Video append frame 385
01:42.375  render           | Video append frame 386
01:42.578  render           | Video append frame 387
01:42.781  render           | Video append frame 388
01:42.969  render           | Video append frame 389
01:43.187  render           | Video append frame 390
01:43.391  render           | Video append frame 391
01:43.609  render           | Video append frame 392
01:43.812  render           | Video append frame 393
01:44.031  render           | Video append frame 394
01:44.250  render           | Video append frame 395
01:44.453  render           | Video append frame 396
01:44.656  render           | Video append frame 397
01:44.859  render           | Video append frame 398
01:45.078  render           | Video append frame 399
01:45.297  render           | Video append frame 400
01:45.500  render           | Video append frame 401
01:45.719  render           | Video append frame 402
01:45.937  render           | Video append frame 403
01:46.141  render           | Video append frame 404
01:46.359  render           | Video append frame 405
01:46.547  render           | Video append frame 406
01:46.766  render           | Video append frame 407
01:47.000  render           | Video append frame 408
01:47.250  render           | Video append frame 409
01:47.484  render           | Video append frame 410
01:47.687  render           | Video append frame 411
01:47.906  render           | Video append frame 412
01:48.125  render           | Video append frame 413
01:48.344  render           | Video append frame 414
01:48.547  render           | Video append frame 415
01:48.781  render           | Video append frame 416
01:49.000  render           | Video append frame 417
01:49.234  render           | Video append frame 418
01:49.437  render           | Video append frame 419
01:49.672  render           | Video append frame 420
01:49.906  render           | Video append frame 421
01:50.094  render           | Video append frame 422
01:50.312  render           | Video append frame 423
01:50.531  render           | Video append frame 424
01:50.734  render           | Video append frame 425
01:50.953  render           | Video append frame 426
01:51.156  render           | Video append frame 427
01:51.359  render           | Video append frame 428
01:51.562  render           | Video append frame 429
01:51.766  render           | Video append frame 430
01:51.969  render           | Video append frame 431
01:52.172  render           | Video append frame 432
01:52.375  render           | Video append frame 433
01:52.594  render           | Video append frame 434
01:52.797  render           | Video append frame 435
01:53.000  render           | Video append frame 436
01:53.203  render           | Video append frame 437
01:53.391  render           | Video append frame 438
01:53.578  render           | Video append frame 439
01:53.766  render           | Video append frame 440
01:53.984  render           | Video append frame 441
01:54.187  render           | Video append frame 442
01:54.391  render           | Video append frame 443
01:54.594  render           | Video append frame 444
01:54.797  render           | Video append frame 445
01:54.969  render           | Video append frame 446
01:55.172  render           | Video append frame 447
01:55.359  render           | Video append frame 448
01:55.578  render           | Video append frame 449
01:55.781  render           | Video append frame 450
01:55.969  render           | Video append frame 451
01:56.172  render           | Video append frame 452
01:56.359  render           | Video append frame 453
01:56.562  render           | Video append frame 454
01:56.750  render           | Video append frame 455
01:56.953  render           | Video append frame 456
01:57.172  render           | Video append frame 457
01:57.375  render           | Video append frame 458
01:57.562  render           | Video append frame 459
01:57.781  render           | Video append frame 460
01:57.969  render           | Video append frame 461
01:58.172  render           | Video append frame 462
01:58.359  render           | Video append frame 463
01:58.562  render           | Video append frame 464
01:58.766  render           | Video append frame 465
01:58.969  render           | Video append frame 466
01:59.172  render           | Video append frame 467
01:59.375  render           | Video append frame 468
01:59.578  render           | Video append frame 469
01:59.781  render           | Video append frame 470
01:59.969  render           | Video append frame 471
02:00.156  render           | Video append frame 472
02:00.344  render           | Video append frame 473
02:00.531  render           | Video append frame 474
02:00.734  render           | Video append frame 475
02:00.922  render           | Video append frame 476
02:01.125  render           | Video append frame 477
02:01.312  render           | Video append frame 478
02:01.531  render           | Video append frame 479
02:01.750  render           | Video append frame 480
02:01.937  render           | Video append frame 481
02:02.125  render           | Video append frame 482
02:02.312  render           | Video append frame 483
02:02.516  render           | Video append frame 484
02:02.719  render           | Video append frame 485
02:02.922  render           | Video append frame 486
02:03.125  render           | Video append frame 487
02:03.328  render           | Video append frame 488
02:03.516  render           | Video append frame 489
02:03.703  render           | Video append frame 490
02:03.891  render           | Video append frame 491
02:04.094  render           | Video append frame 492
02:04.297  render           | Video append frame 493
02:04.484  render           | Video append frame 494
02:04.687  render           | Video append frame 495
02:04.891  render           | Video append frame 496
02:05.109  render           | Video append frame 497
02:05.297  render           | Video append frame 498
02:05.484  render           | Video append frame 499
02:05.687  render           | Video append frame 500
02:05.891  render           | Video append frame 501
02:06.078  render           | Video append frame 502
02:06.281  render           | Video append frame 503
02:06.469  render           | Video append frame 504
02:06.672  render           | Video append frame 505
02:06.859  render           | Video append frame 506
02:07.031  render           | Video append frame 507
02:07.234  render           | Video append frame 508
02:07.437  render           | Video append frame 509
02:07.641  render           | Video append frame 510
02:07.812  render           | Video append frame 511
02:08.000  render           | Video append frame 512
02:08.172  render           | Video append frame 513
02:08.359  render           | Video append frame 514
02:08.531  render           | Video append frame 515
02:08.703  render           | Video append frame 516
02:08.891  render           | Video append frame 517
02:09.062  render           | Video append frame 518
02:09.250  render           | Video append frame 519
02:09.422  render           | Video append frame 520
02:09.609  render           | Video append frame 521
02:09.781  render           | Video append frame 522
02:09.984  render           | Video append frame 523
02:10.172  render           | Video append frame 524
02:10.359  render           | Video append frame 525
02:10.531  render           | Video append frame 526
02:10.719  render           | Video append frame 527
02:10.984  render           | Video append frame 528
02:11.172  render           | Video append frame 529
02:11.359  render           | Video append frame 530
02:11.562  render           | Video append frame 531
02:11.766  render           | Video append frame 532
02:11.937  render           | Video append frame 533
02:12.125  render           | Video append frame 534
02:12.297  render           | Video append frame 535
02:12.500  render           | Video append frame 536
02:12.703  render           | Video append frame 537
02:12.875  render           | Video append frame 538
02:13.062  render           | Video append frame 539
02:13.234  render           | Video append frame 540
02:13.437  render           | Video append frame 541
02:13.625  render           | Video append frame 542
02:13.797  render           | Video append frame 543
02:13.969  render           | Video append frame 544
02:14.156  render           | Video append frame 545
02:14.344  render           | Video append frame 546
02:14.516  render           | Video append frame 547
02:14.703  render           | Video append frame 548
02:14.891  render           | Video append frame 549
02:15.109  render           | Video append frame 550
02:15.297  render           | Video append frame 551
02:15.484  render           | Video append frame 552
02:15.672  render           | Video append frame 553
02:15.859  render           | Video append frame 554
02:16.031  render           | Video append frame 555
02:16.219  render           | Video append frame 556
02:16.391  render           | Video append frame 557
02:16.578  render           | Video append frame 558
02:16.750  render           | Video append frame 559
02:16.937  render           | Video append frame 560
02:17.125  render           | Video append frame 561
02:17.297  render           | Video append frame 562
02:17.484  render           | Video append frame 563
02:17.672  render           | Video append frame 564
02:17.859  render           | Video append frame 565
02:18.031  render           | Video append frame 566
02:18.219  render           | Video append frame 567
02:18.391  render           | Video append frame 568
02:18.594  render           | Video append frame 569
02:18.781  render           | Video append frame 570
02:18.969  render           | Video append frame 571
02:19.172  render           | Video append frame 572
02:19.344  render           | Video append frame 573
02:19.531  render           | Video append frame 574
02:19.719  render           | Video append frame 575
02:19.906  render           | Video append frame 576
02:20.094  render           | Video append frame 577
02:20.312  render           | Video append frame 578
02:20.500  render           | Video append frame 579
02:20.672  render           | Video append frame 580
02:20.859  render           | Video append frame 581
02:21.047  render           | Video append frame 582
02:21.234  render           | Video append frame 583
02:21.422  render           | Video append frame 584
02:21.594  render           | Video append frame 585
02:21.781  render           | Video append frame 586
02:21.969  render           | Video append frame 587
02:22.156  render           | Video append frame 588
02:22.328  render           | Video append frame 589
02:22.500  render           | Video append frame 590
02:22.672  render           | Video append frame 591
02:22.859  render           | Video append frame 592
02:23.031  render           | Video append frame 593
02:23.219  render           | Video append frame 594
02:23.406  render           | Video append frame 595
02:23.812  render           | Video append frame 596
02:24.250  render           | Video append frame 597
02:24.437  render           | Video append frame 598
02:24.641  render           | Video append frame 599
02:24.828  render           | Video append frame 600
02:25.000  render           | Video append frame 601
02:25.187  render           | Video append frame 602
02:25.359  render           | Video append frame 603
02:25.547  render           | Video append frame 604
02:25.719  render           | Video append frame 605
02:25.937  render           | Video append frame 606
02:26.125  render           | Video append frame 607
02:26.312  render           | Video append frame 608
02:26.500  render           | Video append frame 609
02:26.687  render           | Video append frame 610
02:26.891  render           | Video append frame 611
02:27.078  render           | Video append frame 612
02:27.266  render           | Video append frame 613
02:27.437  render           | Video append frame 614
02:27.625  render           | Video append frame 615
02:27.812  render           | Video append frame 616
02:28.000  render           | Video append frame 617
02:28.172  render           | Video append frame 618
02:28.359  render           | Video append frame 619
02:28.547  render           | Video append frame 620
02:28.734  render           | Video append frame 621
02:28.906  render           | Video append frame 622
02:29.094  render           | Video append frame 623
02:29.328  render           | Video append frame 624
02:29.516  render           | Video append frame 625
02:29.703  render           | Video append frame 626
02:29.891  render           | Video append frame 627
02:30.062  render           | Video append frame 628
02:30.266  render           | Video append frame 629
02:30.437  render           | Video append frame 630
02:30.625  render           | Video append frame 631
02:30.812  render           | Video append frame 632
02:31.000  render           | Video append frame 633
02:31.172  render           | Video append frame 634
02:31.359  render           | Video append frame 635
02:31.547  render           | Video append frame 636
02:31.734  render           | Video append frame 637
02:31.922  render           | Video append frame 638
02:32.094  render           | Video append frame 639
02:32.297  render           | Video append frame 640
02:32.469  render           | Video append frame 641
02:32.672  render           | Video append frame 642
02:32.844  render           | Video append frame 643
02:33.031  render           | Video append frame 644
02:33.219  render           | Video append frame 645
02:33.406  render           | Video append frame 646
02:33.578  render           | Video append frame 647
02:33.766  render           | Video append frame 648
02:33.969  render           | Video append frame 649
02:34.156  render           | Video append frame 650
02:34.344  render           | Video append frame 651
02:34.531  render           | Video append frame 652
02:34.719  render           | Video append frame 653
02:34.891  render           | Video append frame 654
02:35.094  render           | Video append frame 655
02:35.281  render           | Video append frame 656
02:35.469  render           | Video append frame 657
02:35.656  render           | Video append frame 658
02:35.844  render           | Video append frame 659
02:36.031  render           | Video append frame 660
02:36.219  render           | Video append frame 661
02:36.406  render           | Video append frame 662
02:36.625  render           | Video append frame 663
02:36.812  render           | Video append frame 664
02:37.000  render           | Video append frame 665
02:37.187  render           | Video append frame 666
02:37.359  render           | Video append frame 667
02:37.562  render           | Video append frame 668
02:37.766  render           | Video append frame 669
02:37.937  render           | Video append frame 670
02:38.141  render           | Video append frame 671
02:38.328  render           | Video append frame 672
02:38.516  render           | Video append frame 673
02:38.703  render           | Video append frame 674
02:38.875  render           | Video append frame 675
[36m[FNPORTING] [0mRunning FP V4 Server at 127.0.0.1:40000
BlenderMCP addon registered
Reloading external rigs...
Reloading external metarigs...
SILENT PREVIEW COMPLETE D:\Alpha website\video-intro\ALPHA-intro-silent-preview.mp4
BlenderMCP addon unregistered
[36m[FNPORTING] [0mShutdown Server
Blender 5.1.1 (hash b70da489d7f4 built 2026-04-14 01:37:22)

Blender quit
