00:05.531  blend            | Read blend: "D:\Alpha website\video-intro\ALPHA-website-intro-v2.blend"
00:26.968  render           | Saved: 'D:\Alpha website\video-intro\v2-poster.png'
00:27.296  render           | Video append frame 1
00:27.500  render           | Video append frame 2
00:27.718  render           | Video append frame 3
00:27.906  render           | Video append frame 4
00:28.125  render           | Video append frame 5
00:28.328  render           | Video append frame 6
00:28.531  render           | Video append frame 7
00:28.750  render           | Video append frame 8
00:28.968  render           | Video append frame 9
00:29.171  render           | Video append frame 10
00:29.375  render           | Video append frame 11
00:29.593  render           | Video append frame 12
00:29.828  render           | Video append frame 13
00:30.031  render           | Video append frame 14
00:30.265  render           | Video append frame 15
00:30.484  render           | Video append frame 16
00:30.671  render           | Video append frame 17
00:30.875  render           | Video append frame 18
00:31.093  render           | Video append frame 19
00:31.296  render           | Video append frame 20
00:31.531  render           | Video append frame 21
00:31.750  render           | Video append frame 22
00:31.984  render           | Video append frame 23
00:32.187  render           | Video append frame 24
00:32.390  render           | Video append frame 25
00:32.593  render           | Video append frame 26
00:32.812  render           | Video append frame 27
00:33.046  render           | Video append frame 28
00:33.265  render           | Video append frame 29
00:33.468  render           | Video append frame 30
00:33.687  render           | Video append frame 31
00:33.890  render           | Video append frame 32
00:34.093  render           | Video append frame 33
00:34.312  render           | Video append frame 34
00:34.500  render           | Video append frame 35
00:34.734  render           | Video append frame 36
00:34.937  render           | Video append frame 37
00:35.187  render           | Video append frame 38
00:35.453  render           | Video append frame 39
00:35.656  render           | Video append frame 40
00:35.875  render           | Video append frame 41
00:36.078  render           | Video append frame 42
00:36.312  render           | Video append frame 43
00:36.515  render           | Video append frame 44
00:36.734  render           | Video append frame 45
00:36.937  render           | Video append frame 46
00:37.156  render           | Video append frame 47
00:37.359  render           | Video append frame 48
00:37.625  render           | Video append frame 49
00:37.828  render           | Video append frame 50
00:38.078  render           | Video append frame 51
00:38.328  render           | Video append frame 52
00:38.546  render           | Video append frame 53
00:38.765  render           | Video append frame 54
00:38.968  render           | Video append frame 55
00:39.187  render           | Video append frame 56
00:39.390  render           | Video append frame 57
00:39.625  render           | Video append frame 58
00:39.859  render           | Video append frame 59
00:40.062  render           | Video append frame 60
00:49.203  render           | Video append frame 61
00:49.453  render           | Video append frame 62
00:49.718  render           | Video append frame 63
00:50.000  render           | Video append frame 64
00:50.250  render           | Video append frame 65
00:50.531  render           | Video append frame 66
00:50.781  render           | Video append frame 67
00:51.062  render           | Video append frame 68
00:51.359  render           | Video append frame 69
00:51.593  render           | Video append frame 70
00:51.859  render           | Video append frame 71
00:52.109  render           | Video append frame 72
00:52.343  render           | Video append frame 73
00:52.625  render           | Video append frame 74
00:52.890  render           | Video append frame 75
00:53.156  render           | Video append frame 76
00:53.406  render           | Video append frame 77
00:53.640  render           | Video append frame 78
00:53.921  render           | Video append frame 79
00:54.156  render           | Video append frame 80
00:54.406  render           | Video append frame 81
00:54.671  render           | Video append frame 82
00:54.921  render           | Video append frame 83
00:55.156  render           | Video append frame 84
00:55.406  render           | Video append frame 85
00:55.656  render           | Video append frame 86
00:55.921  render           | Video append frame 87
00:56.203  render           | Video append frame 88
00:56.453  render           | Video append frame 89
00:56.718  render           | Video append frame 90
00:56.968  render           | Video append frame 91
00:57.250  render           | Video append frame 92
00:57.484  render           | Video append frame 93
00:57.734  render           | Video append frame 94
00:57.984  render           | Video append frame 95
00:58.250  render           | Video append frame 96
00:58.500  render           | Video append frame 97
00:58.734  render           | Video append frame 98
00:59.000  render           | Video append frame 99
00:59.234  render           | Video append frame 100
00:59.484  render           | Video append frame 101
00:59.718  render           | Video append frame 102
00:59.953  render           | Video append frame 103
01:00.218  render           | Video append frame 104
01:00.468  render           | Video append frame 105
01:00.718  render           | Video append frame 106
01:00.968  render           | Video append frame 107
01:01.203  render           | Video append frame 108
01:01.453  render           | Video append frame 109
01:01.703  render           | Video append frame 110
01:01.953  render           | Video append frame 111
01:02.203  render           | Video append frame 112
01:02.468  render           | Video append frame 113
01:02.703  render           | Video append frame 114
01:02.953  render           | Video append frame 115
01:03.203  render           | Video append frame 116
01:03.453  render           | Video append frame 117
01:03.703  render           | Video append frame 118
01:03.953  render           | Video append frame 119
01:04.218  render           | Video append frame 120
01:04.468  render           | Video append frame 121
01:04.750  render           | Video append frame 122
01:04.984  render           | Video append frame 123
01:05.250  render           | Video append frame 124
01:05.515  render           | Video append frame 125
01:05.765  render           | Video append frame 126
01:06.031  render           | Video append frame 127
01:06.281  render           | Video append frame 128
01:06.531  render           | Video append frame 129
01:06.781  render           | Video append frame 130
01:07.015  render           | Video append frame 131
01:07.281  render           | Video append frame 132
01:07.515  render           | Video append frame 133
01:07.765  render           | Video append frame 134
01:08.015  render           | Video append frame 135
01:08.468  render           | Video append frame 136
01:08.703  render           | Video append frame 137
01:08.906  render           | Video append frame 138
01:09.140  render           | Video append frame 139
01:09.359  render           | Video append frame 140
01:09.640  render           | Video append frame 141
01:09.859  render           | Video append frame 142
01:10.078  render           | Video append frame 143
01:10.296  render           | Video append frame 144
01:10.500  render           | Video append frame 145
01:10.718  render           | Video append frame 146
01:10.937  render           | Video append frame 147
01:11.156  render           | Video append frame 148
01:11.375  render           | Video append frame 149
01:11.593  render           | Video append frame 150
01:11.812  render           | Video append frame 151
01:12.031  render           | Video append frame 152
01:12.265  render           | Video append frame 153
01:12.500  render           | Video append frame 154
01:12.718  render           | Video append frame 155
01:12.953  render           | Video append frame 156
01:13.187  render           | Video append frame 157
01:13.453  render           | Video append frame 158
01:13.718  render           | Video append frame 159
01:13.953  render           | Video append frame 160
01:14.187  render           | Video append frame 161
01:14.390  render           | Video append frame 162
01:14.609  render           | Video append frame 163
01:14.843  render           | Video append frame 164
01:15.062  render           | Video append frame 165
01:15.281  render           | Video append frame 166
01:15.515  render           | Video append frame 167
01:15.718  render           | Video append frame 168
01:15.953  render           | Video append frame 169
01:16.156  render           | Video append frame 170
01:16.375  render           | Video append frame 171
01:16.593  render           | Video append frame 172
01:16.812  render           | Video append frame 173
01:17.046  render           | Video append frame 174
01:17.265  render           | Video append frame 175
01:17.500  render           | Video append frame 176
01:17.718  render           | Video append frame 177
01:17.937  render           | Video append frame 178
01:18.171  render           | Video append frame 179
01:18.406  render           | Video append frame 180
01:18.625  render           | Video append frame 181
01:18.843  render           | Video append frame 182
01:19.046  render           | Video append frame 183
01:19.281  render           | Video append frame 184
01:19.484  render           | Video append frame 185
01:19.703  render           | Video append frame 186
01:19.921  render           | Video append frame 187
01:20.140  render           | Video append frame 188
01:20.343  render           | Video append frame 189
01:20.593  render           | Video append frame 190
01:20.859  render           | Video append frame 191
01:21.109  render           | Video append frame 192
01:21.328  render           | Video append frame 193
01:21.562  render           | Video append frame 194
01:21.781  render           | Video append frame 195
01:22.000  render           | Video append frame 196
01:22.234  render           | Video append frame 197
01:22.453  render           | Video append frame 198
01:22.687  render           | Video append frame 199
01:22.906  render           | Video append frame 200
01:23.125  render           | Video append frame 201
01:23.359  render           | Video append frame 202
01:23.593  render           | Video append frame 203
01:23.843  render           | Video append frame 204
01:24.062  render           | Video append frame 205
01:24.296  render           | Video append frame 206
01:24.515  render           | Video append frame 207
01:24.750  render           | Video append frame 208
01:24.968  render           | Video append frame 209
01:25.203  render           | Video append frame 210
01:25.421  render           | Video append frame 211
01:25.671  render           | Video append frame 212
01:25.890  render           | Video append frame 213
01:26.109  render           | Video append frame 214
01:26.328  render           | Video append frame 215
01:26.562  render           | Video append frame 216
01:26.781  render           | Video append frame 217
01:27.015  render           | Video append frame 218
01:27.234  render           | Video append frame 219
01:27.453  render           | Video append frame 220
01:27.687  render           | Video append frame 221
01:27.921  render           | Video append frame 222
01:28.156  render           | Video append frame 223
01:28.390  render           | Video append frame 224
01:28.625  render           | Video append frame 225
01:28.921  render           | Video append frame 226
01:29.312  render           | Video append frame 227
01:29.968  render           | Video append frame 228
01:30.281  render           | Video append frame 229
01:30.546  render           | Video append frame 230
01:30.828  render           | Video append frame 231
01:31.093  render           | Video append frame 232
01:31.359  render           | Video append frame 233
01:31.609  render           | Video append frame 234
01:31.875  render           | Video append frame 235
01:32.125  render           | Video append frame 236
01:32.390  render           | Video append frame 237
01:32.687  render           | Video append frame 238
01:32.937  render           | Video append frame 239
01:33.187  render           | Video append frame 240
01:33.453  render           | Video append frame 241
01:33.734  render           | Video append frame 242
01:33.984  render           | Video append frame 243
01:34.296  render           | Video append frame 244
01:34.562  render           | Video append frame 245
01:34.812  render           | Video append frame 246
01:35.109  render           | Video append frame 247
01:35.375  render           | Video append frame 248
01:35.640  render           | Video append frame 249
01:35.890  render           | Video append frame 250
01:36.156  render           | Video append frame 251
01:36.406  render           | Video append frame 252
01:36.656  render           | Video append frame 253
01:36.937  render           | Video append frame 254
01:37.187  render           | Video append frame 255
01:37.437  render           | Video append frame 256
01:37.718  render           | Video append frame 257
01:37.968  render           | Video append frame 258
01:38.203  render           | Video append frame 259
01:38.453  render           | Video append frame 260
01:38.734  render           | Video append frame 261
01:39.000  render           | Video append frame 262
01:39.250  render           | Video append frame 263
01:39.515  render           | Video append frame 264
01:39.796  render           | Video append frame 265
01:40.078  render           | Video append frame 266
01:40.328  render           | Video append frame 267
01:40.609  render           | Video append frame 268
01:40.859  render           | Video append frame 269
01:41.140  render           | Video append frame 270
01:41.406  render           | Video append frame 271
01:41.656  render           | Video append frame 272
01:41.921  render           | Video append frame 273
01:42.156  render           | Video append frame 274
01:42.406  render           | Video append frame 275
01:42.656  render           | Video append frame 276
01:42.921  render           | Video append frame 277
01:43.156  render           | Video append frame 278
01:43.437  render           | Video append frame 279
01:43.703  render           | Video append frame 280
01:43.968  render           | Video append frame 281
01:44.218  render           | Video append frame 282
01:44.468  render           | Video append frame 283
01:44.750  render           | Video append frame 284
01:45.015  render           | Video append frame 285
01:45.281  render           | Video append frame 286
01:45.531  render           | Video append frame 287
01:45.765  render           | Video append frame 288
01:46.000  render           | Video append frame 289
01:46.265  render           | Video append frame 290
01:46.500  render           | Video append frame 291
01:46.750  render           | Video append frame 292
01:47.000  render           | Video append frame 293
01:47.234  render           | Video append frame 294
01:47.484  render           | Video append frame 295
01:47.781  render           | Video append frame 296
01:48.031  render           | Video append frame 297
01:48.281  render           | Video append frame 298
01:48.546  render           | Video append frame 299
01:48.796  render           | Video append frame 300
01:49.062  render           | Video append frame 301
01:49.328  render           | Video append frame 302
01:49.609  render           | Video append frame 303
01:49.859  render           | Video append frame 304
01:50.125  render           | Video append frame 305
01:50.375  render           | Video append frame 306
01:50.625  render           | Video append frame 307
01:50.875  render           | Video append frame 308
01:51.156  render           | Video append frame 309
01:51.421  render           | Video append frame 310
01:51.671  render           | Video append frame 311
01:51.921  render           | Video append frame 312
01:52.171  render           | Video append frame 313
01:52.453  render           | Video append frame 314
01:52.718  render           | Video append frame 315
01:52.968  render           | Video append frame 316
01:53.234  render           | Video append frame 317
01:53.484  render           | Video append frame 318
01:53.734  render           | Video append frame 319
01:53.984  render           | Video append frame 320
01:54.218  render           | Video append frame 321
01:54.484  render           | Video append frame 322
01:54.718  render           | Video append frame 323
01:54.984  render           | Video append frame 324
01:55.218  render           | Video append frame 325
01:55.484  render           | Video append frame 326
01:55.734  render           | Video append frame 327
01:55.984  render           | Video append frame 328
01:56.250  render           | Video append frame 329
01:56.500  render           | Video append frame 330
01:56.765  render           | Video append frame 331
01:56.968  render           | Video append frame 332
01:57.218  render           | Video append frame 333
01:57.437  render           | Video append frame 334
01:57.671  render           | Video append frame 335
01:57.906  render           | Video append frame 336
01:58.140  render           | Video append frame 337
01:58.359  render           | Video append frame 338
01:58.609  render           | Video append frame 339
01:58.843  render           | Video append frame 340
01:59.078  render           | Video append frame 341
01:59.312  render           | Video append frame 342
01:59.546  render           | Video append frame 343
01:59.781  render           | Video append frame 344
02:00.015  render           | Video append frame 345
02:00.250  render           | Video append frame 346
02:00.500  render           | Video append frame 347
02:00.718  render           | Video append frame 348
02:00.984  render           | Video append frame 349
02:01.234  render           | Video append frame 350
02:01.468  render           | Video append frame 351
02:01.703  render           | Video append frame 352
02:01.937  render           | Video append frame 353
02:02.203  render           | Video append frame 354
02:02.453  render           | Video append frame 355
02:02.687  render           | Video append frame 356
02:02.906  render           | Video append frame 357
02:03.156  render           | Video append frame 358
02:03.406  render           | Video append frame 359
02:03.671  render           | Video append frame 360
02:03.906  render           | Video append frame 361
02:04.125  render           | Video append frame 362
02:04.359  render           | Video append frame 363
02:04.578  render           | Video append frame 364
02:04.828  render           | Video append frame 365
02:05.046  render           | Video append frame 366
02:05.296  render           | Video append frame 367
02:05.515  render           | Video append frame 368
02:05.750  render           | Video append frame 369
02:06.000  render           | Video append frame 370
02:06.234  render           | Video append frame 371
02:06.484  render           | Video append frame 372
02:06.734  render           | Video append frame 373
02:06.968  render           | Video append frame 374
02:07.187  render           | Video append frame 375
02:07.421  render           | Video append frame 376
02:07.656  render           | Video append frame 377
02:07.906  render           | Video append frame 378
02:08.140  render           | Video append frame 379
02:08.390  render           | Video append frame 380
02:08.625  render           | Video append frame 381
02:08.859  render           | Video append frame 382
02:09.093  render           | Video append frame 383
02:09.312  render           | Video append frame 384
02:09.546  render           | Video append frame 385
02:09.781  render           | Video append frame 386
02:10.046  render           | Video append frame 387
02:10.265  render           | Video append frame 388
02:10.500  render           | Video append frame 389
02:10.750  render           | Video append frame 390
02:10.968  render           | Video append frame 391
02:11.171  render           | Video append frame 392
02:11.375  render           | Video append frame 393
02:11.609  render           | Video append frame 394
02:11.828  render           | Video append frame 395
02:12.109  render           | Video append frame 396
02:12.328  render           | Video append frame 397
02:12.562  render           | Video append frame 398
02:12.781  render           | Video append frame 399
02:13.031  render           | Video append frame 400
02:13.281  render           | Video append frame 401
02:13.484  render           | Video append frame 402
02:13.687  render           | Video append frame 403
02:13.875  render           | Video append frame 404
02:14.109  render           | Video append frame 405
02:14.296  render           | Video append frame 406
02:14.515  render           | Video append frame 407
02:14.718  render           | Video append frame 408
02:14.921  render           | Video append frame 409
02:15.140  render           | Video append frame 410
02:15.343  render           | Video append frame 411
02:15.562  render           | Video append frame 412
02:15.765  render           | Video append frame 413
02:16.000  render           | Video append frame 414
02:16.203  render           | Video append frame 415
02:16.406  render           | Video append frame 416
02:16.625  render           | Video append frame 417
02:16.859  render           | Video append frame 418
02:17.062  render           | Video append frame 419
02:17.265  render           | Video append frame 420
02:17.484  render           | Video append frame 421
02:17.703  render           | Video append frame 422
02:17.921  render           | Video append frame 423
02:18.125  render           | Video append frame 424
02:18.328  render           | Video append frame 425
02:18.546  render           | Video append frame 426
02:18.750  render           | Video append frame 427
02:18.937  render           | Video append frame 428
02:19.140  render           | Video append frame 429
02:19.359  render           | Video append frame 430
02:19.546  render           | Video append frame 431
02:19.750  render           | Video append frame 432
02:19.984  render           | Video append frame 433
02:20.187  render           | Video append frame 434
02:20.406  render           | Video append frame 435
02:20.609  render           | Video append frame 436
02:20.812  render           | Video append frame 437
02:21.015  render           | Video append frame 438
02:21.234  render           | Video append frame 439
02:21.437  render           | Video append frame 440
02:21.671  render           | Video append frame 441
02:21.875  render           | Video append frame 442
02:22.109  render           | Video append frame 443
02:22.312  render           | Video append frame 444
02:22.531  render           | Video append frame 445
02:22.734  render           | Video append frame 446
02:22.953  render           | Video append frame 447
02:23.171  render           | Video append frame 448
02:23.406  render           | Video append frame 449
02:23.625  render           | Video append frame 450
02:23.828  render           | Video append frame 451
02:24.031  render           | Video append frame 452
02:24.234  render           | Video append frame 453
02:24.468  render           | Video append frame 454
02:24.687  render           | Video append frame 455
02:24.906  render           | Video append frame 456
02:25.140  render           | Video append frame 457
02:25.359  render           | Video append frame 458
02:25.578  render           | Video append frame 459
02:25.796  render           | Video append frame 460
02:26.015  render           | Video append frame 461
02:26.218  render           | Video append frame 462
02:26.437  render           | Video append frame 463
02:26.656  render           | Video append frame 464
02:26.875  render           | Video append frame 465
02:27.093  render           | Video append frame 466
02:27.328  render           | Video append frame 467
02:27.562  render           | Video append frame 468
02:27.781  render           | Video append frame 469
02:27.984  render           | Video append frame 470
02:28.187  render           | Video append frame 471
02:28.406  render           | Video append frame 472
02:28.609  render           | Video append frame 473
02:28.828  render           | Video append frame 474
02:29.046  render           | Video append frame 475
02:29.265  render           | Video append frame 476
02:29.484  render           | Video append frame 477
02:29.718  render           | Video append frame 478
02:29.921  render           | Video append frame 479
02:30.140  render           | Video append frame 480
[36m[FNPORTING] [0mRunning FP V4 Server at 127.0.0.1:40000
BlenderMCP addon registered
Reloading external rigs...
Reloading external metarigs...
V2 PREVIEW COMPLETE D:\Alpha website\video-intro\ALPHA-intro-v2-silent-preview.mp4
BlenderMCP addon unregistered
[36m[FNPORTING] [0mShutdown Server
Blender 5.1.1 (hash b70da489d7f4 built 2026-04-14 01:37:22)

Blender quit
